2026-07-20 09:43:20,559 [INFO] {cloudidesandbox/api_v1/routes/terminal.py}: Окружение пользователя инициализировано
2026-07-20 09:43:20,560 [INFO] {cloudidesandbox/api_v1/routes/terminal.py}: WebSocket подключение установлено
2026-07-20 09:43:32,941 [INFO] {cloudidesandbox/api_v1/routes/terminal.py}: Выполнение команды ls -la
2026-07-20 09:43:36,264 [WARNING] {cloudidesandbox/api_v1/routes/terminal.py}: Пользователь оборвал WebSocket подключение - (1001, '')
2026-07-20 09:43:46,376 [INFO] {cloudidesandbox/api_v1/routes/terminal.py}: Контейнер остановил свою работу
2026-07-20 09:43:46,387 [INFO] {cloudidesandbox/api_v1/routes/terminal.py}: Контейнер мягко удален
2026-07-20 09:43:46,389 [INFO] {cloudidesandbox/api_v1/routes/terminal.py}: Окружение пользователя инициализировано
2026-07-20 09:43:46,389 [INFO] {cloudidesandbox/api_v1/routes/terminal.py}: WebSocket подключение установлено
2026-07-20 09:44:12,788 [INFO] {cloudidesandbox/api_v1/routes/terminal.py}: Выполнение команды ls -la
2026-07-20 09:44:16,775 [INFO] {cloudidesandbox/api_v1/routes/terminal.py}: Выполнение команды cat
2026-07-20 09:44:25,279 [INFO] {cloudidesandbox/api_v1/routes/terminal.py}: Выполнение команды cd
2026-07-20 09:44:40,364 [INFO] {cloudidesandbox/api_v1/routes/terminal.py}: Выполнение команды cd etc/
2026-07-20 09:44:43,210 [INFO] {cloudidesandbox/api_v1/routes/terminal.py}: Выполнение команды cd etc
2026-07-20 09:45:21,477 [WARNING] {cloudidesandbox/api_v1/routes/terminal.py}: Пользователь оборвал WebSocket подключение - (1001, '')
2026-07-20 09:45:31,602 [INFO] {cloudidesandbox/api_v1/routes/terminal.py}: Контейнер остановил свою работу
2026-07-20 09:45:31,611 [INFO] {cloudidesandbox/api_v1/routes/terminal.py}: Контейнер мягко удален
2026-07-20 09:45:31,612 [INFO] {cloudidesandbox/api_v1/routes/terminal.py}: Окружение пользователя инициализировано
2026-07-20 09:45:31,612 [INFO] {cloudidesandbox/api_v1/routes/terminal.py}: WebSocket подключение установлено
2026-07-20 09:45:37,734 [INFO] {cloudidesandbox/api_v1/routes/terminal.py}: Выполнение команды ls
2026-07-20 09:45:45,731 [INFO] {cloudidesandbox/api_v1/routes/terminal.py}: Выполнение команды cd /bin
2026-07-20 09:45:50,000 [INFO] {cloudidesandbox/api_v1/routes/terminal.py}: Выполнение команды cd bin
2026-07-20 09:45:57,381 [INFO] {cloudidesandbox/api_v1/routes/terminal.py}: Выполнение команды help
2026-07-20 09:46:02,033 [INFO] {cloudidesandbox/api_v1/routes/terminal.py}: Выполнение команды man
2026-07-20 09:49:33,184 [INFO] {cloudidesandbox/api_v1/routes/terminal.py}: Выполнение команды ls bin
2026-07-20 09:49:58,399 [INFO] {cloudidesandbox/api_v1/routes/terminal.py}: Выполнение команды bash
2026-07-20 09:50:01,424 [INFO] {cloudidesandbox/api_v1/routes/terminal.py}: Выполнение команды cd
2026-07-20 09:54:03,787 [INFO] {cloudidesandbox/api_v1/routes/terminal.py}: Выполнение команды type cd
2026-07-20 09:59:51,267 [INFO] {cloudidesandbox/api_v1/routes/terminal.py}: Выполнение команды apt --version
2026-07-20 09:59:56,945 [INFO] {cloudidesandbox/api_v1/routes/terminal.py}: Выполнение команды sudo
2026-07-20 10:00:03,822 [INFO] {cloudidesandbox/api_v1/routes/terminal.py}: Выполнение команды apt install
2026-07-20 10:00:12,251 [INFO] {cloudidesandbox/api_v1/routes/terminal.py}: Выполнение команды apt update
